
> #Feature Engineering - Name Title
> # This means chopping, and combining different attributes to squeeze more value from the data.
> 
> # Inpect the name titles  .... [TRUNCATED] 
[1] "Braund, Mr. Owen Harris"

> # combine all names from train and test data 
> # add a new fake column to make it same as the train data, otherwise there would be an error. 
> tes .... [TRUNCATED] 

> # create a new dataset combi with both these datas
> combi <- rbind(train, test)

> combi$Name <- as.character(combi$Name)

> combi$Name[1]
[1] "Braund, Mr. Owen Harris"

> # experiment with the first row 
> 
> # split the names for titles
> strsplit(combi$Name[1], split='[,.]')
[[1]]
[1] "Braund"       " Mr"          " Owen Harris"


> # refine the split
> strsplit(combi$Name[1], split='[,.]')[[1]]
[1] "Braund"       " Mr"          " Owen Harris"

> # get the titles
> strsplit(combi$Name[1], split='[,.]')[[1]][2]
[1] " Mr"

> # apply this to the whole dataset using the sapply function
> combi$Title <- sapply(combi$Name, FUN=function(x) {strsplit(x, split='[,.]')[[1]][2]})

> # strip the spaces
> combi$Title <- sub(' ', '', combi$Title)

> #Display the titles
> table(combi$Title)

        Capt          Col          Don         Dona           Dr     Jonkheer         Lady        Major       Master 
           1            4            1            1            8            1            1            2           61 
        Miss         Mlle          Mme           Mr          Mrs           Ms          Rev          Sir the Countess 
         260            2            1          757          197            2            8            1            1 

> # consolidate similar ones which are noted differently
> combi$Title[combi$Title %in% c('Mme', 'Mlle')] <- 'Mlle'

> # group/consolidate similar ones to create a common bucket
> combi$Title[combi$Title %in% c('Capt', 'Don', 'Major', 'Sir')] <- 'Sir'

> combi$Title[combi$Title %in% c('Dona', 'Lady', 'the Countess', 'Jonkheer')] <- 'Lady'